---
source: src/vocab/core_metadata.rs
expression: metadata

---
CoreMetadata {
    metadata_version: Version(
        Version {
            epoch: 0,
            release: [
                2,
                1,
            ],
            pre: None,
            post: None,
            dev: None,
            local: [],
        },
    ),
    name: PackageName {
        as_given: "trio",
        normalized: "trio",
    },
    version: Version(
        Version {
            epoch: 0,
            release: [
                0,
                16,
                0,
            ],
            pre: None,
            post: None,
            dev: None,
            local: [],
        },
    ),
    requires_dist: [
        PackageRequirement(
            Requirement {
                name: PackageName {
                    as_given: "attrs",
                    normalized: "attrs",
                },
                extras: [],
                specifiers: Specifiers(
                    [
                        Specifier {
                            op: GreaterThanEqual,
                            value: "19.2.0",
                        },
                    ],
                ),
                env_marker: None,
            },
        ),
        PackageRequirement(
            Requirement {
                name: PackageName {
                    as_given: "sortedcontainers",
                    normalized: "sortedcontainers",
                },
                extras: [],
                specifiers: Specifiers(
                    [],
                ),
                env_marker: None,
            },
        ),
        PackageRequirement(
            Requirement {
                name: PackageName {
                    as_given: "contextvars",
                    normalized: "contextvars",
                },
                extras: [
                    Extra(
                        PackageName {
                            as_given: "foo",
                            normalized: "foo",
                        },
                    ),
                ],
                specifiers: Specifiers(
                    [
                        Specifier {
                            op: GreaterThanEqual,
                            value: "2.1",
                        },
                    ],
                ),
                env_marker: Some(
                    Operator {
                        op: Compare(
                            StrictlyLessThan,
                        ),
                        lhs: Variable(
                            "python_version",
                        ),
                        rhs: Literal(
                            "3.7",
                        ),
                    },
                ),
            },
        ),
    ],
    requires_python: Specifiers(
        [
            Specifier {
                op: GreaterThanEqual,
                value: "3.6",
            },
        ],
    ),
    extras: {},
}
